[www.themetechit.com/portfolio/index.html]
[backblue.gif]
[fade.gif]
[index.html]
[www.themetechit.com/portfolio/assets/css/bootstrap.min.css]
[www.themetechit.com/portfolio/assets/css/scrolltop.css]
[www.themetechit.com/portfolio/assets/css/slick-slider.css]
[www.themetechit.com/portfolio/assets/css/all.min.css]
[www.themetechit.com/portfolio/assets/css/fancybox.min.css]
[www.themetechit.com/portfolio/assets/css/aos.css]
[www.themetechit.com/portfolio/assets/images/Favicon/favicon.png]
[www.themetechit.com/portfolio/assets/css/app.css]
[www.themetechit.com/portfolio/assets/css/responsive.css]
[www.themetechit.com/portfolio/assets/images/hero/Hero-Image-1.webp]
[www.themetechit.com/portfolio/assets/images/about/about.png]
[www.themetechit.com/portfolio/assets/images/about/Vector.png]
[www.themetechit.com/portfolio/assets/images/portfolio/02.jpg]
[www.themetechit.com/portfolio/assets/images/portfolio/01.jpg]
[www.themetechit.com/portfolio/assets/images/portfolio/03.jpg]
[www.themetechit.com/portfolio/assets/images/portfolio/04.jpg]
[www.themetechit.com/portfolio/assets/images/portfolio/05.jpg]
[www.themetechit.com/portfolio/assets/images/portfolio/06.jpg]
[www.themetechit.com/portfolio/assets/images/testimonials/1.jpg]
[www.themetechit.com/portfolio/assets/images/testimonials/2.jpg]
[www.themetechit.com/portfolio/assets/images/testimonials/3.jpg]
[www.themetechit.com/portfolio/assets/images/testimonials/4.jpg]
[www.themetechit.com/portfolio/assets/images/blog/b01.jpg]
[www.themetechit.com/portfolio/assets/images/blog/b02.jpg]
[www.themetechit.com/portfolio/assets/images/blog/b03.jpg]
[www.themetechit.com/portfolio/assets/js/jquery.min.js]
[www.themetechit.com/portfolio/assets/js/bootstrap.min.js]
[www.themetechit.com/portfolio/assets/js/waypoints.min.js]
[www.themetechit.com/portfolio/assets/js/counterup.min.js]
[www.themetechit.com/portfolio/assets/js/slick-slider.min.js]
[www.themetechit.com/portfolio/assets/js/typed.min.js]
[www.themetechit.com/portfolio/assets/js/one-page-nav.js]
[www.themetechit.com/portfolio/assets/js/mixitup.min.js]
[www.themetechit.com/portfolio/assets/js/fancybox.min.js]
[www.themetechit.com/portfolio/assets/js/aos.js]
[www.themetechit.com/portfolio/assets/js/scrolltop.js]
[www.themetechit.com/portfolio/assets/js/app.js]
[www.themetechit.com/portfolio/assets/js/contact.js]
[www.themetechit.com/portfolio/index.html]
[www.themetechit.com/portfolio/assets/css/bootstrap.min.css]
[www.themetechit.com/portfolio/assets/css/scrolltop.css]
[www.themetechit.com/portfolio/assets/css/slick-slider.css]
[www.themetechit.com/portfolio/assets/css/animate.html]
[www.themetechit.com/portfolio/assets/webfonts/fa-brands-400.woff2]
[www.themetechit.com/portfolio/assets/webfonts/fa-brands-400.ttf]
[www.themetechit.com/portfolio/assets/webfonts/fa-regular-400.woff2]
[www.themetechit.com/portfolio/assets/webfonts/fa-regular-400.ttf]
[www.themetechit.com/portfolio/assets/webfonts/fa-solid-900.woff2]
[www.themetechit.com/portfolio/assets/webfonts/fa-v4compatibility.woff2]
[www.themetechit.com/portfolio/assets/css/all.min.css]
[www.themetechit.com/portfolio/assets/css/fancybox.min.css]
[www.themetechit.com/portfolio/assets/css/aos.css]
[www.themetechit.com/portfolio/assets/css/app.css]
[www.themetechit.com/portfolio/assets/css/responsive.css]
[www.themetechit.com/portfolio/assets/webfonts/fa-v4compatibility.ttf]
[www.themetechit.com/portfolio/assets/webfonts/fa-solid-900.ttf]
